Validating genericness of agents/
------------------------------------------------------------
[PASS] agents/ directory is generic — no blocked terms found

Validating API contract: planning-mds/api/nebula-api.yaml
------------------------------------------------------------
[PASS] Nebula API contract checks passed.

[PASS] Frontend quality evidence manifest is complete
  manifest: planning-mds/operations/evidence/frontend-quality/latest-run.json
  - component: PASS (pnpm test)
  - integration: PASS (pnpm test:integration)
  - accessibility: PASS (pnpm test:accessibility)
  - coverage: PASS (pnpm test:coverage)
  - visual: PASS (env CI=true pnpm test:visual:theme)

Running lifecycle gates for stage: implementation
------------------------------------------------------------
[GATE] boundary_genericness
[PASS] boundary_genericness

[GATE] api_contract
[PASS] api_contract

[GATE] solution_contract
[PASS] solution_contract

[GATE] frontend_quality
[PASS] frontend_quality

============================================================
[SUMMARY] PASSED (4 gate(s))
